// Jest Snapshot v1, https://goo.gl/fbAQLP

exports[`render not found page 1`] = `
<div>
  Dashboard Page Content
</div>
`;
